ERC report (2026-05-02T11:57:53+0000, Encoding UTF8)

***** Sheet /
[lib_symbol_issues]: The current configuration does not include the symbol library 'power'
    ; warning
    @(30.48 mm, 41.91 mm): Symbol #PWR012 [+3V3]
[lib_symbol_issues]: The current configuration does not include the symbol library 'Device'
    ; warning
    @(30.48 mm, 45.72 mm): Symbol C1 [C]
[lib_symbol_issues]: The current configuration does not include the symbol library 'power'
    ; warning
    @(30.48 mm, 53.34 mm): Symbol #PWR01 [GND]
[lib_symbol_issues]: The current configuration does not include the symbol library 'Device'
    ; warning
    @(43.18 mm, 45.72 mm): Symbol C2 [C]
[lib_symbol_issues]: The current configuration does not include the symbol library 'Device'
    ; warning
    @(55.88 mm, 45.72 mm): Symbol C3 [C]
[lib_symbol_issues]: The current configuration does not include the symbol library 'power'
    ; warning
    @(30.48 mm, 66.04 mm): Symbol #PWR022 [+3V3]
[lib_symbol_issues]: The current configuration does not include the symbol library 'Device'
    ; warning
    @(30.48 mm, 69.85 mm): Symbol C9 [C]
[lib_symbol_issues]: The current configuration does not include the symbol library 'power'
    ; warning
    @(30.48 mm, 73.66 mm): Symbol #PWR021 [GND]
[lib_symbol_issues]: The current configuration does not include the symbol library 'Device'
    ; warning
    @(43.18 mm, 69.85 mm): Symbol C17 [C]
[lib_symbol_issues]: The current configuration does not include the symbol library 'Device'
    ; warning
    @(68.58 mm, 45.72 mm): Symbol C4 [C]
[lib_symbol_issues]: The current configuration does not include the symbol library 'power'
    ; warning
    @(34.29 mm, 92.71 mm): Symbol #PWR02 [+3V3]
[lib_symbol_issues]: The current configuration does not include the symbol library 'Device'
    ; warning
    @(31.75 mm, 99.06 mm): Symbol R10 [R]
[lib_symbol_issues]: The current configuration does not include the symbol library 'power'
    ; warning
    @(91.44 mm, 52.07 mm): Symbol #PWR018 [+3V3]
[lib_symbol_issues]: The current configuration does not include the symbol library 'Device'
    ; warning
    @(36.83 mm, 99.06 mm): Symbol R11 [R]
[lib_symbol_issues]: The current configuration does not include the symbol library 'power'
    ; warning
    @(52.07 mm, 101.60 mm): Symbol #PWR046 [+3V3]
[lib_symbol_issues]: The current configuration does not include the symbol library 'Device'
    ; warning
    @(62.23 mm, 101.60 mm): Symbol R19 [R]
[lib_symbol_issues]: The current configuration does not include the symbol library 'MCU_ST_STM32F3'
    ; warning
    @(91.44 mm, 101.60 mm): Symbol U1 [STM32F303CCTx]
[lib_symbol_issues]: The current configuration does not include the symbol library 'power'
    ; warning
    @(17.78 mm, 170.18 mm): Symbol #PWR013 [+3V3]
[lib_symbol_issues]: The current configuration does not include the symbol library 'power'
    ; warning
    @(92.71 mm, 146.05 mm): Symbol #PWR016 [GND]
[lib_symbol_issues]: The current configuration does not include the symbol library 'Device'
    ; warning
    @(24.13 mm, 172.72 mm): Symbol R3 [R]
[lib_symbol_issues]: The current configuration does not include the symbol library 'Switch'
    ; warning
    @(17.78 mm, 179.07 mm): Symbol BOOT1 [SW_Push]
[lib_symbol_issues]: The current configuration does not include the symbol library 'Device'
    ; warning
    @(30.48 mm, 179.07 mm): Symbol C15 [C]
[lib_symbol_issues]: The current configuration does not include the symbol library 'Device'
    ; warning
    @(40.64 mm, 186.69 mm): Symbol R9 [R]
[lib_symbol_issues]: The current configuration does not include the symbol library 'Device'
    ; warning
    @(30.48 mm, 193.04 mm): Symbol R8 [R]
[lib_symbol_issues]: The current configuration does not include the symbol library 'power'
    ; warning
    @(30.48 mm, 198.12 mm): Symbol #PWR014 [GND]
[lib_symbol_issues]: The current configuration does not include the symbol library 'power'
    ; warning
    @(124.46 mm, 172.72 mm): Symbol #PWR09 [+5V]
[lib_symbol_issues]: The current configuration does not include the symbol library 'Device'
    ; warning
    @(127.00 mm, 182.88 mm): Symbol C7 [C]
[lib_symbol_issues]: The current configuration does not include the symbol library 'power'
    ; warning
    @(22.86 mm, 222.25 mm): Symbol #PWR035 [+3V3]
[lib_symbol_issues]: The current configuration does not include the symbol library 'power'
    ; warning
    @(127.00 mm, 189.23 mm): Symbol #PWR04 [GND]
[lib_symbol_issues]: The current configuration does not include the symbol library 'Device'
    ; warning
    @(29.21 mm, 226.06 mm): Symbol R12 [R]
[lib_symbol_issues]: The current configuration does not include the symbol library 'Regulator_Linear'
    ; warning
    @(144.78 mm, 177.80 mm): Symbol U5 [TLV75733PDBV]
[lib_symbol_issues]: The current configuration does not include the symbol library 'Switch'
    ; warning
    @(22.86 mm, 234.95 mm): Symbol USER1 [SW_Push]
[lib_symbol_issues]: The current configuration does not include the symbol library 'Device'
    ; warning
    @(34.29 mm, 233.68 mm): Symbol C21 [C]
[lib_symbol_issues]: The current configuration does not include the symbol library 'power'
    ; warning
    @(77.47 mm, 226.06 mm): Symbol #PWR020 [+3V3]
[lib_symbol_issues]: The current configuration does not include the symbol library 'power'
    ; warning
    @(144.78 mm, 190.50 mm): Symbol #PWR05 [GND]
[lib_symbol_issues]: The current configuration does not include the symbol library 'power'
    ; warning
    @(168.91 mm, 170.18 mm): Symbol #PWR010 [+3V3]
[lib_symbol_issues]: The current configuration does not include the symbol library 'Device'
    ; warning
    @(77.47 mm, 229.87 mm): Symbol R4 [R]
[lib_symbol_issues]: The current configuration does not include the symbol library 'power'
    ; warning
    @(219.71 mm, 106.68 mm): Symbol #PWR025 [+3V3]
[lib_symbol_issues]: The current configuration does not include the symbol library 'Device'
    ; warning
    @(45.72 mm, 241.30 mm): Symbol R14 [R]
[lib_symbol_issues]: The current configuration does not include the symbol library 'Device'
    ; warning
    @(162.56 mm, 184.15 mm): Symbol C8 [C]
[lib_symbol_issues]: The current configuration does not include the symbol library 'power'
    ; warning
    @(121.92 mm, 215.90 mm): Symbol #PWR07 [+3V3]
[lib_symbol_issues]: The current configuration does not include the symbol library 'Device'
    ; warning
    @(34.29 mm, 246.38 mm): Symbol R13 [R]
[lib_symbol_issues]: The current configuration does not include the symbol library 'power'
    ; warning
    @(162.56 mm, 190.50 mm): Symbol #PWR06 [GND]
[lib_symbol_issues]: The current configuration does not include the symbol library 'Connector_Generic'
    ; warning
    @(224.79 mm, 111.76 mm): Symbol P1 [Conn_02x05_Odd_Even]
[lib_symbol_issues]: The current configuration does not include the symbol library 'Switch'
    ; warning
    @(71.12 mm, 241.30 mm): Symbol RESET1 [SW_Push]
[lib_symbol_issues]: The current configuration does not include the symbol library 'power'
    ; warning
    @(34.29 mm, 251.46 mm): Symbol #PWR037 [GND]
[lib_symbol_issues]: The current configuration does not include the symbol library 'Device'
    ; warning
    @(77.47 mm, 242.57 mm): Symbol C10 [C]
[lib_symbol_issues]: The current configuration does not include the symbol library 'power'
    ; warning
    @(232.41 mm, 116.84 mm): Symbol #PWR030 [GND]
[lib_symbol_issues]: The current configuration does not include the symbol library 'Device'
    ; warning
    @(142.24 mm, 219.71 mm): Symbol R1 [R]
[lib_symbol_issues]: The current configuration does not include the symbol library 'power'
    ; warning
    @(77.47 mm, 251.46 mm): Symbol #PWR019 [GND]
[lib_symbol_issues]: The current configuration does not include the symbol library 'Device'
    ; warning
    @(149.86 mm, 219.71 mm): Symbol D1 [LED]
[lib_symbol_issues]: The current configuration does not include the symbol library 'Connector_Generic'
    ; warning
    @(223.52 mm, 146.05 mm): Symbol P2 [Conn_02x05_Odd_Even]
[lib_symbol_issues]: The current configuration does not include the symbol library 'Device'
    ; warning
    @(142.24 mm, 231.14 mm): Symbol R2 [R]
[lib_symbol_issues]: The current configuration does not include the symbol library 'power'
    ; warning
    @(214.63 mm, 171.45 mm): Symbol #PWR039 [+3V3]
[lib_symbol_issues]: The current configuration does not include the symbol library 'Device'
    ; warning
    @(149.86 mm, 231.14 mm): Symbol D2 [LED]
[lib_symbol_issues]: The current configuration does not include the symbol library 'Device'
    ; warning
    @(142.24 mm, 245.11 mm): Symbol R15 [R]
[lib_symbol_issues]: The current configuration does not include the symbol library 'Connector_Generic'
    ; warning
    @(224.79 mm, 176.53 mm): Symbol P3 [Conn_02x05_Odd_Even]
[lib_symbol_issues]: The current configuration does not include the symbol library 'Device'
    ; warning
    @(149.86 mm, 245.11 mm): Symbol D3 [LED]
[footprint_link_issues]: The current configuration does not include the footprint library 'FB_Library'.
    ; warning
    @(276.86 mm, 85.09 mm): Symbol J2 [USB_B_Micro]
[lib_symbol_issues]: The current configuration does not include the symbol library 'Connector'
    ; warning
    @(276.86 mm, 85.09 mm): Symbol J2 [USB_B_Micro]
[lib_symbol_issues]: The current configuration does not include the symbol library 'power'
    ; warning
    @(276.86 mm, 95.25 mm): Symbol #PWR015 [GND]
[lib_symbol_issues]: The current configuration does not include the symbol library 'Device'
    ; warning
    @(142.24 mm, 257.81 mm): Symbol R16 [R]
[lib_symbol_issues]: The current configuration does not include the symbol library 'power'
    ; warning
    @(232.41 mm, 181.61 mm): Symbol #PWR040 [GND]
[lib_symbol_issues]: The current configuration does not include the symbol library 'Device'
    ; warning
    @(149.86 mm, 257.81 mm): Symbol D4 [LED]
[lib_symbol_issues]: The current configuration does not include the symbol library 'power'
    ; warning
    @(293.37 mm, 74.93 mm): Symbol #PWR017 [+5V]
[lib_symbol_issues]: The current configuration does not include the symbol library 'Device'
    ; warning
    @(204.47 mm, 224.79 mm): Symbol C5 [C]
[lib_symbol_issues]: The current configuration does not include the symbol library 'power'
    ; warning
    @(200.66 mm, 228.60 mm): Symbol #PWR031 [GND]
[lib_symbol_issues]: The current configuration does not include the symbol library 'power'
    ; warning
    @(162.56 mm, 259.08 mm): Symbol #PWR011 [GND]
[lib_symbol_issues]: The current configuration does not include the symbol library 'Diode'
    ; warning
    @(298.45 mm, 74.93 mm): Symbol D6 [1N5819WS]
[lib_symbol_issues]: The current configuration does not include the symbol library 'Device'
    ; warning
    @(204.47 mm, 232.41 mm): Symbol C6 [C]
[lib_symbol_issues]: The current configuration does not include the symbol library 'Device'
    ; warning
    @(213.36 mm, 228.60 mm): Symbol Y1 [Crystal]
[lib_symbol_issues]: The current configuration does not include the symbol library 'Power_Protection'
    ; warning
    @(308.61 mm, 101.60 mm): Symbol U4 [CDSOT236-0504C]
[lib_symbol_issues]: The current configuration does not include the symbol library 'power'
    ; warning
    @(308.61 mm, 115.57 mm): Symbol #PWR026 [GND]
[lib_symbol_issues]: The current configuration does not include the symbol library 'Device'
    ; warning
    @(321.31 mm, 85.09 mm): Symbol R5 [R]
[lib_symbol_issues]: The current configuration does not include the symbol library 'Device'
    ; warning
    @(321.31 mm, 87.63 mm): Symbol R6 [R]
[lib_symbol_issues]: The current configuration does not include the symbol library 'power'
    ; warning
    @(326.39 mm, 76.20 mm): Symbol #PWR032 [+3V3]
[lib_symbol_issues]: The current configuration does not include the symbol library 'Device'
    ; warning
    @(326.39 mm, 81.28 mm): Symbol R7 [R]
[lib_symbol_issues]: The current configuration does not include the symbol library 'power'
    ; warning
    @(327.66 mm, 135.89 mm): Symbol #PWR023 [+3V3]
[lib_symbol_issues]: The current configuration does not include the symbol library 'Mechanical'
    ; warning
    @(276.86 mm, 227.33 mm): Symbol H1 [MountingHole]
[lib_symbol_issues]: The current configuration does not include the symbol library 'Device'
    ; warning
    @(331.47 mm, 144.78 mm): Symbol C18 [C]
[lib_symbol_issues]: The current configuration does not include the symbol library 'power'
    ; warning
    @(335.28 mm, 144.78 mm): Symbol #PWR029 [GND]
[lib_symbol_issues]: The current configuration does not include the symbol library 'Mechanical'
    ; warning
    @(274.32 mm, 242.57 mm): Symbol H3 [MountingHole]
[footprint_link_issues]: The current configuration does not include the footprint library 'Footprint'.
    ; warning
    @(327.66 mm, 171.45 mm): Symbol U8 [MPU6050]
[lib_symbol_issues]: The current configuration does not include the symbol library 'MPU'
    ; warning
    @(327.66 mm, 171.45 mm): Symbol U8 [MPU6050]
[lib_symbol_issues]: The current configuration does not include the symbol library 'power'
    ; warning
    @(325.12 mm, 191.77 mm): Symbol #PWR024 [GND]
[lib_symbol_issues]: The current configuration does not include the symbol library 'Mechanical'
    ; warning
    @(307.34 mm, 226.06 mm): Symbol H2 [MountingHole]
[lib_symbol_issues]: The current configuration does not include the symbol library 'Mechanical'
    ; warning
    @(311.15 mm, 242.57 mm): Symbol H4 [MountingHole]
[lib_symbol_issues]: The current configuration does not include the symbol library 'Device'
    ; warning
    @(355.60 mm, 176.53 mm): Symbol C19 [C]
[lib_symbol_issues]: The current configuration does not include the symbol library 'power'
    ; warning
    @(359.41 mm, 176.53 mm): Symbol #PWR027 [GND]
[lib_symbol_issues]: The current configuration does not include the symbol library 'Device'
    ; warning
    @(355.60 mm, 187.96 mm): Symbol C20 [C]
[lib_symbol_issues]: The current configuration does not include the symbol library 'power'
    ; warning
    @(359.41 mm, 187.96 mm): Symbol #PWR028 [GND]
[lib_symbol_issues]: The current configuration does not include the symbol library 'Connector'
    ; warning
    @(351.79 mm, 227.33 mm): Symbol J1 [Conn_01x02_Pin]
[lib_symbol_issues]: The current configuration does not include the symbol library 'power'
    ; warning
    @(363.22 mm, 226.06 mm): Symbol #PWR038 [+5V]
[lib_symbol_issues]: The current configuration does not include the symbol library 'power'
    ; warning
    @(363.22 mm, 229.87 mm): Symbol #PWR041 [GND]
[lib_symbol_issues]: The current configuration does not include the symbol library 'Device'
    ; warning
    @(368.30 mm, 231.14 mm): Symbol C11 [C]
[lib_symbol_issues]: The current configuration does not include the symbol library 'power'
    ; warning
    @(368.30 mm, 234.95 mm): Symbol #PWR033 [GND]
[lib_symbol_issues]: The current configuration does not include the symbol library 'power'
    ; warning
    @(63.50 mm, 36.83 mm): Symbol #PWR054 [+3.3V]
[lib_symbol_issues]: The current configuration does not include the symbol library 'Connector_Generic'
    ; warning
    @(68.58 mm, 41.91 mm): Symbol J3 [Conn_02x05_Odd_Even]
[lib_symbol_issues]: The current configuration does not include the symbol library 'power'
    ; warning
    @(76.20 mm, 46.99 mm): Symbol #PWR049 [GND1]
[lib_symbol_issues]: The current configuration does not include the symbol library 'Connector_Generic'
    ; warning
    @(68.58 mm, 69.85 mm): Symbol J4 [Conn_02x05_Odd_Even]
[lib_symbol_issues]: The current configuration does not include the symbol library 'power'
    ; warning
    @(63.50 mm, 86.36 mm): Symbol #PWR050 [+3.3V]
[lib_symbol_issues]: The current configuration does not include the symbol library 'Connector_Generic'
    ; warning
    @(68.58 mm, 91.44 mm): Symbol J5 [Conn_02x05_Odd_Even]
[lib_symbol_issues]: The current configuration does not include the symbol library 'power'
    ; warning
    @(76.20 mm, 96.52 mm): Symbol #PWR048 [GND1]
[lib_symbol_issues]: The current configuration does not include the symbol library 'Device'
    ; warning
    @(39.37 mm, 132.08 mm): Symbol R23 [R]
[lib_symbol_issues]: The current configuration does not include the symbol library 'Device'
    ; warning
    @(45.72 mm, 132.08 mm): Symbol R17 [R]
[lib_symbol_issues]: The current configuration does not include the symbol library 'power'
    ; warning
    @(58.42 mm, 128.27 mm): Symbol #PWR044 [+3.3V]
[lib_symbol_issues]: The current configuration does not include the symbol library 'Device'
    ; warning
    @(52.07 mm, 132.08 mm): Symbol R18 [R]
[lib_symbol_issues]: The current configuration does not include the symbol library 'Device'
    ; warning
    @(58.42 mm, 132.08 mm): Symbol R20 [R]
[lib_symbol_issues]: The current configuration does not include the symbol library 'power'
    ; warning
    @(68.58 mm, 128.27 mm): Symbol #FLG01 [PWR_FLAG]
[lib_symbol_issues]: The current configuration does not include the symbol library 'Device'
    ; warning
    @(64.77 mm, 132.08 mm): Symbol R21 [R]
[lib_symbol_issues]: The current configuration does not include the symbol library 'Device'
    ; warning
    @(71.12 mm, 132.08 mm): Symbol R22 [R]
[footprint_link_issues]: The current configuration does not include the footprint library 'fp'.
    ; warning
    @(105.41 mm, 149.86 mm): Symbol J6 [Micro_SD_Card_Det1]
[lib_symbol_issues]: The current configuration does not include the symbol library 'Connector'
    ; warning
    @(105.41 mm, 149.86 mm): Symbol J6 [Micro_SD_Card_Det1]
[lib_symbol_issues]: The current configuration does not include the symbol library 'power'
    ; warning
    @(102.87 mm, 170.18 mm): Symbol #FLG02 [PWR_FLAG]
[lib_symbol_issues]: The current configuration does not include the symbol library 'power'
    ; warning
    @(114.30 mm, 170.18 mm): Symbol #PWR045 [GND1]
[lib_symbol_issues]: The current configuration does not include the symbol library 'power'
    ; warning
    @(209.55 mm, 93.98 mm): Symbol #PWR051 [+3.3V]
[lib_symbol_issues]: The current configuration does not include the symbol library 'power'
    ; warning
    @(227.33 mm, 39.37 mm): Symbol #PWR058 [GND1]
[lib_symbol_issues]: The current configuration does not include the symbol library 'Diode'
    ; warning
    @(214.63 mm, 93.98 mm): Symbol D5 [1N5819WS]
[lib_symbol_issues]: The current configuration does not include the symbol library 'power'
    ; warning
    @(224.79 mm, 67.31 mm): Symbol #PWR047 [+3.3V]
[lib_symbol_issues]: The current configuration does not include the symbol library 'power'
    ; warning
    @(226.06 mm, 73.66 mm): Symbol #PWR057 [GND1]
[lib_symbol_issues]: The current configuration does not include the symbol library 'power'
    ; warning
    @(226.06 mm, 77.47 mm): Symbol #PWR052 [+3.3V]
[lib_symbol_issues]: The current configuration does not include the symbol library 'power'
    ; warning
    @(224.79 mm, 93.98 mm): Symbol #FLG04 [PWR_FLAG]
[footprint_link_issues]: The current configuration does not include the footprint library 'FPC_CONNECTOR24'.
    ; warning
    @(247.65 mm, 67.31 mm): Symbol U3 [_1]
[lib_symbol_issues]: The current configuration does not include the symbol library 'LCD_Con'
    ; warning
    @(247.65 mm, 67.31 mm): Symbol U3 [_1]
[footprint_link_issues]: The current configuration does not include the footprint library 'model'.
    ; warning
    @(83.82 mm, 83.82 mm): Symbol U6 [STLINK-V3MODS]
[lib_symbol_issues]: The current configuration does not include the symbol library 'STLINK-V3MODS'
    ; warning
    @(83.82 mm, 83.82 mm): Symbol U6 [STLINK-V3MODS]
[lib_symbol_issues]: The current configuration does not include the symbol library 'power'
    ; warning
    @(102.87 mm, 93.98 mm): Symbol #PWR08 [GND]
[lib_symbol_issues]: The current configuration does not include the symbol library 'power'
    ; warning
    @(142.24 mm, 68.58 mm): Symbol #PWR03 [+5V]
[lib_symbol_issues]: The current configuration does not include the symbol library 'power'
    ; warning
    @(142.24 mm, 69.85 mm): Symbol #FLG03 [PWR_FLAG]
[lib_symbol_issues]: The current configuration does not include the symbol library 'Diode'
    ; warning
    @(146.05 mm, 76.20 mm): Symbol D7 [1N5819WS]
[lib_symbol_issues]: The current configuration does not include the symbol library 'power'
    ; warning
    @(140.97 mm, 130.81 mm): Symbol #PWR036 [+3V3]
[lib_symbol_issues]: The current configuration does not include the symbol library 'Device'
    ; warning
    @(148.59 mm, 123.19 mm): Symbol R25 [R]
[footprint_link_issues]: The current configuration does not include the footprint library 'model'.
    ; warning
    @(191.77 mm, 93.98 mm): Symbol U6 [STLINK-V3MODS]
[lib_symbol_issues]: The current configuration does not include the symbol library 'STLINK-V3MODS'
    ; warning
    @(191.77 mm, 93.98 mm): Symbol U6 [STLINK-V3MODS]

***** Sheet /LCD/

***** Sheet /stlinkv3/

 ** ERC messages: 134  Errors 0  Warnings 134
