** Drc report for Nano-Board-rev-2.kicad_pcb **
** Created on 2026-05-06T12:47:32+0000 **

** Found 60 DRC violations **
[lib_footprint_mismatch]: Footprint 'PinHeader_2x05_P2.54mm_Vertical_SMD' does not match copy in library 'Connector_PinHeader_2.54mm'.
    ; warning
    @(200.55565 mm, 114.944295 mm): Footprint J4
[lib_footprint_mismatch]: Footprint 'C_0402_1005Metric' does not match copy in library 'Capacitor_SMD'.
    ; warning
    @(107.515411 mm, 85.669411 mm): Footprint C11
[lib_footprint_mismatch]: Footprint 'R_0402_1005Metric' does not match copy in library 'Resistor_SMD'.
    ; warning
    @(113.015 mm, 82.934 mm): Footprint R4
[lib_footprint_mismatch]: Footprint 'R_0402_1005Metric' does not match copy in library 'Resistor_SMD'.
    ; warning
    @(99.057328 mm, 100.120664 mm): Footprint R15
[lib_footprint_mismatch]: Footprint 'R_0402_1005Metric' does not match copy in library 'Resistor_SMD'.
    ; warning
    @(138.987328 mm, 101.293164 mm): Footprint R2
[lib_footprint_mismatch]: Footprint 'R_0402_1005Metric' does not match copy in library 'Resistor_SMD'.
    ; warning
    @(127.290308 mm, 119.4115 mm): Footprint R9
[lib_footprint_mismatch]: Footprint 'R_0402_1005Metric' does not match copy in library 'Resistor_SMD'.
    ; warning
    @(117.165 mm, 121.054 mm): Footprint R19
[lib_footprint_mismatch]: Footprint 'PinHeader_2x05_P2.54mm_Vertical_SMD' does not match copy in library 'Connector_PinHeader_2.54mm'.
    ; warning
    @(214.44565 mm, 101.304295 mm): Footprint J5
[lib_footprint_mismatch]: Footprint 'R_0402_1005Metric' does not match copy in library 'Resistor_SMD'.
    ; warning
    @(121.365 mm, 86.264 mm): Footprint R5
[lib_footprint_mismatch]: Footprint 'R_0402_1005Metric' does not match copy in library 'Resistor_SMD'.
    ; warning
    @(204.853 mm, 88.699 mm): Footprint R17
[lib_footprint_mismatch]: Footprint 'R_0402_1005Metric' does not match copy in library 'Resistor_SMD'.
    ; warning
    @(114.655 mm, 102.324 mm): Footprint R11
[lib_footprint_mismatch]: Footprint 'R_0603_1608Metric' does not match copy in library 'Resistor_SMD'.
    ; warning
    @(115.985 mm, 85.484 mm): Footprint R25
[lib_footprint_issues]: The current configuration does not include the footprint library 'newdemo.preety'.
    ; warning
    @(200.565 mm, 101.24 mm): Footprint G***
[lib_footprint_mismatch]: Footprint 'R_0402_1005Metric' does not match copy in library 'Resistor_SMD'.
    ; warning
    @(102.093752 mm, 110.885248 mm): Footprint R14
[lib_footprint_mismatch]: Footprint 'SOT-23-6' does not match copy in library 'Package_TO_SOT_SMD'.
    ; warning
    @(118.925308 mm, 82.4815 mm): Footprint U4
[lib_footprint_mismatch]: Footprint 'R_0402_1005Metric' does not match copy in library 'Resistor_SMD'.
    ; warning
    @(200.548 mm, 88.721 mm): Footprint R20
[lib_footprint_mismatch]: Footprint 'R_0402_1005Metric' does not match copy in library 'Resistor_SMD'.
    ; warning
    @(122.365 mm, 86.264 mm): Footprint R7
[lib_footprint_issues]: The current configuration does not include the footprint library 'FB_Library'.
    ; warning
    @(121.479 mm, 73.433 mm): Footprint J2
[lib_footprint_mismatch]: Footprint 'R_0402_1005Metric' does not match copy in library 'Resistor_SMD'.
    ; warning
    @(199.367 mm, 88.722 mm): Footprint R21
[lib_footprint_issues]: The current configuration does not include the footprint library 'fp'.
    ; warning
    @(200.569 mm, 78.092 mm): Footprint J6
[lib_footprint_mismatch]: Footprint 'LED_0603_1608Metric' does not match copy in library 'LED_SMD'.
    ; warning
    @(119.015 mm, 122.494 mm): Footprint D4
[lib_footprint_issues]: The current configuration does not include the footprint library 'newdemo.preety'.
    ; warning
    @(118.855 mm, 91.494 mm): Footprint G***
[lib_footprint_mismatch]: Footprint 'C_0402_1005Metric' does not match copy in library 'Capacitor_SMD'.
    ; warning
    @(122.276492 mm, 101.010836 mm): Footprint C20
[lib_footprint_mismatch]: Footprint 'C_0402_1005Metric' does not match copy in library 'Capacitor_SMD'.
    ; warning
    @(119.666492 mm, 98.290836 mm): Footprint C18
[lib_footprint_mismatch]: Footprint 'LED_0603_1608Metric' does not match copy in library 'LED_SMD'.
    ; warning
    @(128.694308 mm, 84.733164 mm): Footprint D1
[lib_footprint_mismatch]: Footprint 'R_0402_1005Metric' does not match copy in library 'Resistor_SMD'.
    ; warning
    @(198.149 mm, 88.715 mm): Footprint R22
[lib_footprint_mismatch]: Footprint 'LED_0603_1608Metric' does not match copy in library 'LED_SMD'.
    ; warning
    @(99.067328 mm, 102.820664 mm): Footprint D3
[lib_footprint_mismatch]: Footprint 'PinHeader_2x05_P2.54mm_Vertical_SMD' does not match copy in library 'Connector_PinHeader_2.54mm'.
    ; warning
    @(186.72865 mm, 101.237295 mm): Footprint J3
[lib_footprint_issues]: The current configuration does not include the footprint library 'Footprint'.
    ; warning
    @(118.896492 mm, 101.683856 mm): Footprint U8
[lib_footprint_mismatch]: Footprint 'C_0402_1005Metric' does not match copy in library 'Capacitor_SMD'.
    ; warning
    @(114.075 mm, 82.924 mm): Footprint C10
[lib_footprint_mismatch]: Footprint 'R_0402_1005Metric' does not match copy in library 'Resistor_SMD'.
    ; warning
    @(119.526 mm, 121.042336 mm): Footprint R16
[lib_footprint_mismatch]: Footprint 'SOT-23-5' does not match copy in library 'Package_TO_SOT_SMD'.
    ; warning
    @(134.53 mm, 91.4565 mm): Footprint U5
[lib_footprint_mismatch]: Footprint 'R_0402_1005Metric' does not match copy in library 'Resistor_SMD'.
    ; warning
    @(202.697 mm, 88.702 mm): Footprint R18
[lib_footprint_mismatch]: Footprint 'R_0402_1005Metric' does not match copy in library 'Resistor_SMD'.
    ; warning
    @(115.675 mm, 102.324 mm): Footprint R10
[lib_footprint_mismatch]: Footprint 'C_0402_1005Metric' does not match copy in library 'Capacitor_SMD'.
    ; warning
    @(134.9725 mm, 94.1565 mm): Footprint C7
[lib_footprint_mismatch]: Footprint 'R_0402_1005Metric' does not match copy in library 'Resistor_SMD'.
    ; warning
    @(128.725308 mm, 88.0615 mm): Footprint R1
[lib_footprint_mismatch]: Footprint 'C_0402_1005Metric' does not match copy in library 'Capacitor_SMD'.
    ; warning
    @(133.733 mm, 88.574 mm): Footprint C8
[lib_footprint_mismatch]: Footprint 'C_0402_1005Metric' does not match copy in library 'Capacitor_SMD'.
    ; warning
    @(115.656492 mm, 100.360836 mm): Footprint C19
[lib_footprint_mismatch]: Footprint 'R_0402_1005Metric' does not match copy in library 'Resistor_SMD'.
    ; warning
    @(120.365 mm, 86.264 mm): Footprint R6
[lib_footprint_mismatch]: Footprint 'R_0402_1005Metric' does not match copy in library 'Resistor_SMD'.
    ; warning
    @(206.118 mm, 88.711 mm): Footprint R23
[lib_footprint_mismatch]: Footprint 'LED_0603_1608Metric' does not match copy in library 'LED_SMD'.
    ; warning
    @(139.027328 mm, 104.013164 mm): Footprint D2
[lib_footprint_mismatch]: Footprint 'LQFP-48_7x7mm_P0.5mm' does not match copy in library 'Package_QFP'.
    ; warning
    @(118.385 mm, 111.544 mm): Footprint U1
[lib_footprint_mismatch]: Footprint 'C_0402_1005Metric' does not match copy in library 'Capacitor_SMD'.
    ; warning
    @(125.426 mm, 112.592336 mm): Footprint C9
[lib_footprint_issues]: The current configuration does not include the footprint library 'FPC_CONNECTOR24'.
    ; warning
    @(201.871 mm, 108.8195 mm): Footprint U3
[lib_footprint_mismatch]: Footprint 'C_0402_1005Metric' does not match copy in library 'Capacitor_SMD'.
    ; warning
    @(129.124308 mm, 104.303164 mm): Footprint C6
[lib_footprint_mismatch]: Footprint 'C_0402_1005Metric' does not match copy in library 'Capacitor_SMD'.
    ; warning
    @(124.301 mm, 108.097336 mm): Footprint C3
[lib_footprint_mismatch]: Footprint 'R_0402_1005Metric' does not match copy in library 'Resistor_SMD'.
    ; warning
    @(131.840308 mm, 115.5365 mm): Footprint R8
[lib_footprint_issues]: The current configuration does not include the footprint library 'newdemo.preety'.
    ; warning
    @(196.347 mm, 72.832 mm): Footprint G***
[lib_footprint_mismatch]: Footprint 'C_0402_1005Metric' does not match copy in library 'Capacitor_SMD'.
    ; warning
    @(130.240308 mm, 115.0615 mm): Footprint C15
[lib_footprint_mismatch]: Footprint 'C_0402_1005Metric' does not match copy in library 'Capacitor_SMD'.
    ; warning
    @(106.555954 mm, 113.971258 mm): Footprint C21
[lib_footprint_mismatch]: Footprint 'C_0402_1005Metric' does not match copy in library 'Capacitor_SMD'.
    ; warning
    @(129.104308 mm, 102.173164 mm): Footprint C5
[lib_footprint_issues]: The current configuration does not include the footprint library 'newdemo.preety'.
    ; warning
    @(104.215 mm, 98.594 mm): Footprint G***
[lib_footprint_mismatch]: Footprint 'C_0402_1005Metric' does not match copy in library 'Capacitor_SMD'.
    ; warning
    @(112.585692 mm, 108.654836 mm): Footprint C2
[lib_footprint_mismatch]: Footprint 'R_0402_1005Metric' does not match copy in library 'Resistor_SMD'.
    ; warning
    @(106.194376 mm, 115.734624 mm): Footprint R12
[lib_footprint_mismatch]: Footprint 'C_0402_1005Metric' does not match copy in library 'Capacitor_SMD'.
    ; warning
    @(124.326 mm, 112.592336 mm): Footprint C17
[lib_footprint_mismatch]: Footprint 'R_0402_1005Metric' does not match copy in library 'Resistor_SMD'.
    ; warning
    @(104.784376 mm, 114.354624 mm): Footprint R13
[lib_footprint_issues]: The current configuration does not include the footprint library 'model'.
    ; warning
    @(118.89552 mm, 72.618 mm): Footprint U6
[lib_footprint_mismatch]: Footprint 'C_0402_1005Metric' does not match copy in library 'Capacitor_SMD'.
    ; warning
    @(120.955692 mm, 105.864836 mm): Footprint C4
[lib_footprint_mismatch]: Footprint 'R_0402_1005Metric' does not match copy in library 'Resistor_SMD'.
    ; warning
    @(131.715308 mm, 113.6115 mm): Footprint R3
[lib_footprint_mismatch]: Footprint 'C_0402_1005Metric' does not match copy in library 'Capacitor_SMD'.
    ; warning
    @(115.965 mm, 117.474 mm): Footprint C1

** Found 0 unconnected pads **

** Found 0 Footprint errors **

** End of Report **
